[misty-beet-923866.framer.app/index.html]
[backblue.gif]
[fade.gif]
[index.html]
[framerusercontent.com/sites/icons/default-favicon-light.v1.png]
[framerusercontent.com/sites/icons/default-favicon-dark.v1.png]
[framerusercontent.com/sites/icons/default-touch-icon.v3.png]
[framerusercontent.com/assets/aJARMcEP12GVv1SPft37SCjt4Jc.png]
[misty-beet-923866.framer.app/properties.html]
[misty-beet-923866.framer.app/about-us.html]
[misty-beet-923866.framer.app/blog.html]
[misty-beet-923866.framer.app/contact-us.html]
[framerusercontent.com/images/N5E6I5WjmLIEkK5GkqHoxioee45.jpg]
[framerusercontent.com/images/sD4czSIZeZac2cwj4aGgyGJHst0ee45.jpg]
[framerusercontent.com/images/gq0bdOLtKS7QvvE7EMWNmtWLaigb351.jpg]
[framerusercontent.com/images/sbE40HsCXy8bG17F4SbnmAt2U102929.jpg]
[framerusercontent.com/images/mRDmVb3HJ8DSgIpr4Wi270oJzga924.jpg]
[framerusercontent.com/images/fRLvJJ4WftvRPt9iDZAGmz3XUHEc65e.png]
[framerusercontent.com/images/aUpC5i6bQ665atEmcwhwbgzH0cfa1.png]
[misty-beet-923866.framer.app/properties/villa-serena.html]
[framerusercontent.com/images/Ho20qpDoNlgWojsjWFfTQsLXl3gdf7a.png]
[misty-beet-923866.framer.app/properties/villa-serena-copy.html]
[framerusercontent.com/images/RfMYfOwIxbvdKxwFRprdWXig5NIc0cf.png]
[misty-beet-923866.framer.app/properties/villa-serena-copy-copy.html]
[framerusercontent.com/images/qPUnaxN7dC55qxveDxq7x6ffFsAe214.png]
[misty-beet-923866.framer.app/properties/villa-serena-copy-copy-copy.html]
[misty-beet-923866.framer.app/blog/10-smart-tips-before-buying-your-dream-home.html]
[framerusercontent.com/images/dpfxtVCjFWrZ4uzVXxAapfJXh8c65e.png]
[misty-beet-923866.framer.app/blog/10-smart-tips-before-buying-your-dream-home-copy.html]
[framerusercontent.com/images/asHDdF4Ezv5MusO6T4xcBwhihLYc65e.png]
[misty-beet-923866.framer.app/blog/10-smart-tips-before-buying-your-dream-home-copy-copy.html]
[framerusercontent.com/images/XHDXhg6sF911dulAtLKixmOZmQc65e.png]
[misty-beet-923866.framer.app/blog/10-smart-tips-before-buying-your-dream-home-copy-copy-copy.html]
[framerusercontent.com/images/TDUwW1fIx0qIcqtvLPq6purYtYc65e.png]
[framerusercontent.com/images/XHpedbFMV67ye2Iwwc0Y2bGrqcg6d6a.png]
[framerusercontent.com/images/aUpC5i6bQ665atEmcwhwbgzH01b5c.png]
[framerusercontent.com/images/Ho20qpDoNlgWojsjWFfTQsLXl3gf234.png]
[framerusercontent.com/images/RfMYfOwIxbvdKxwFRprdWXig5NI09d3.png]
[framerusercontent.com/images/qPUnaxN7dC55qxveDxq7x6ffFsA459e.png]
[framerusercontent.com/images/dpfxtVCjFWrZ4uzVXxAapfJXh87768.png]
[framerusercontent.com/images/asHDdF4Ezv5MusO6T4xcBwhihLY5924.png]
[framerusercontent.com/images/XHDXhg6sF911dulAtLKixmOZmQbd6c.png]
[framerusercontent.com/images/TDUwW1fIx0qIcqtvLPq6purYtY3eb6.png]
[misty-beet-923866.framer.app/index.html]
[framerusercontent.com/images/aJARMcEP12GVv1SPft37SCjt4Jc.png]
[framerusercontent.com/images/YImhng8CdiwGDefyDbkWUfUH1ccc65e.png]
[misty-beet-923866.framer.app/properties/villa-serena-copy-copy-copy-copy.html]
[framerusercontent.com/images/JQwVT338KbgfBpQ38Bx3ZZG0V0c65e.png]
[misty-beet-923866.framer.app/properties/villa-serena-copy-copy-copy-copy-copy.html]
[framerusercontent.com/images/YImhng8CdiwGDefyDbkWUfUH1ccb894.png]
[framerusercontent.com/images/JQwVT338KbgfBpQ38Bx3ZZG0V07a4b.png]
[misty-beet-923866.framer.app/properties.html]
[framerusercontent.com/images/ieUiSfcmNc8IzE9HYBsFvNKm7SIc65e.png]
[framerusercontent.com/images/Pyud8EeocR1jzKi3cKt41kHhUeb02.png]
[framerusercontent.com/images/XTKpUcclujq5TqZYtaeWanpUgk71a9.png]
[framerusercontent.com/images/vYdwn7xyMLAZO72mhDazlYom5gbd31.png]
[framerusercontent.com/images/rGU7Iuq5wpcM350JMsjbYXkn26Ae6f9.png]
[framerusercontent.com/images/aAsiIjc1qQVs1o8uXeLSP4JMQac25.png]
[framerusercontent.com/images/g9HopDOt5SMD6Zlv09XzrP2so7E9a06.png]
[misty-beet-923866.framer.app/about-us.html]
[framerusercontent.com/images/B4gq874EmLTvJFOdmWwd2WxLIc65e.png]
[misty-beet-923866.framer.app/blog/10-smart-tips-before-buying-your-dream-home-copy-copy-copy-copy.html]
[misty-beet-923866.framer.app/blog/10-smart-tips-before-buying-your-dream-home-copy-copy-copy-copy-copy.html]
[framerusercontent.com/images/AUBaBjftFyowkAvhKi3lTAoq7xsc65e.png]
[framerusercontent.com/images/B4gq874EmLTvJFOdmWwd2WxLIdd65.png]
[framerusercontent.com/images/AUBaBjftFyowkAvhKi3lTAoq7xsd958.png]
[misty-beet-923866.framer.app/blog.html]
[framerusercontent.com/images/5khU1rc0sCuZv7XwQA4uQiWW490f0.png]
[misty-beet-923866.framer.app/contact-us.html]
[framerusercontent.com/images/TaQvP0usBDSnGAjN6irw4FFSccfa1.png]
[framerusercontent.com/images/s4H5ppJSkNWsVBPKRHUJ5o6V9ccfa1.png]
[framerusercontent.com/images/tgMViYdq3098X52vHuVttXXMn4df7a.png]
[framerusercontent.com/images/TaQvP0usBDSnGAjN6irw4FFSccf28.png]
[framerusercontent.com/images/s4H5ppJSkNWsVBPKRHUJ5o6V9c6875.png]
[framerusercontent.com/images/tgMViYdq3098X52vHuVttXXMn40787.png]
[misty-beet-923866.framer.app/properties/villa-serena.html]
[framerusercontent.com/images/oCl1UkOFeWexThBWuveexUjIBOodf7a.png]
[framerusercontent.com/images/rGg7U7gCUVkrCFMN4QdoxtB2LbYc65e.png]
[framerusercontent.com/images/oCl1UkOFeWexThBWuveexUjIBOodf2d.png]
[framerusercontent.com/images/rGg7U7gCUVkrCFMN4QdoxtB2LbYf17a.png]
[misty-beet-923866.framer.app/properties/villa-serena-copy.html]
[framerusercontent.com/images/YhwvDIuJBXrtLRZGDuaLRWVJUDMc65e.png]
[framerusercontent.com/images/4fW2EgTvsePhg6mm76PUAqyRejEc65e.png]
[framerusercontent.com/images/ltZmXcD94cdguLaHM8OkNuGpJ5cc65e.png]
[framerusercontent.com/images/YhwvDIuJBXrtLRZGDuaLRWVJUDMdbbb.png]
[framerusercontent.com/images/4fW2EgTvsePhg6mm76PUAqyRejEd250.png]
[framerusercontent.com/images/ltZmXcD94cdguLaHM8OkNuGpJ5c8fa0.png]
[misty-beet-923866.framer.app/properties/villa-serena-copy-copy.html]
[framerusercontent.com/images/Ue1aslB5ZFk4akK6seaUDuREc65e.png]
[framerusercontent.com/images/aJV2A94sOzY7AIItjeOmFTZ45Ic65e.png]
[framerusercontent.com/images/ACtRCtVwkUY3WErBNLiVuU6LXLkc65e.png]
[framerusercontent.com/images/Ue1aslB5ZFk4akK6seaUDuRE70e5.png]
[framerusercontent.com/images/aJV2A94sOzY7AIItjeOmFTZ45I5e7d.png]
[framerusercontent.com/images/ACtRCtVwkUY3WErBNLiVuU6LXLk16cc.png]
[misty-beet-923866.framer.app/properties/villa-serena-copy-copy-copy.html]
[misty-beet-923866.framer.app/blog/10-smart-tips-before-buying-your-dream-home.html]
[misty-beet-923866.framer.app/blog/10-smart-tips-before-buying-your-dream-home-copy.html]
[misty-beet-923866.framer.app/blog/10-smart-tips-before-buying-your-dream-home-copy-copy.html]
[misty-beet-923866.framer.app/blog/10-smart-tips-before-buying-your-dream-home-copy-copy-copy.html]
[framerusercontent.com/images/AxIDTJrmxZ4bux70EDJEQ55HwQc65e.png]
[framerusercontent.com/images/GoGXqgjCgSYeZTgT3vUWZPObf8c65e.png]
[framerusercontent.com/images/aLuBsJliEIU1RnWoNnbONJYyFQc65e.png]
[framerusercontent.com/images/AxIDTJrmxZ4bux70EDJEQ55HwQ2617.png]
[framerusercontent.com/images/GoGXqgjCgSYeZTgT3vUWZPObf8b5b4.png]
[framerusercontent.com/images/aLuBsJliEIU1RnWoNnbONJYyFQ5b04.png]
[misty-beet-923866.framer.app/properties/villa-serena-copy-copy-copy-copy.html]
[framerusercontent.com/images/S7st5EX20hFT791jHgiTX41V3Qc65e.png]
[framerusercontent.com/images/kklGLWPizNDk78hqBRFam5ixz0c65e.png]
[framerusercontent.com/images/6oGz7mBNpU32whx6gxzvCSibEc65e.png]
[framerusercontent.com/images/S7st5EX20hFT791jHgiTX41V3Qa476.png]
[framerusercontent.com/images/kklGLWPizNDk78hqBRFam5ixz0e02c.png]
[framerusercontent.com/images/6oGz7mBNpU32whx6gxzvCSibE5749.png]
[misty-beet-923866.framer.app/properties/villa-serena-copy-copy-copy-copy-copy.html]
[misty-beet-923866.framer.app/blog/10-smart-tips-before-buying-your-dream-home-copy-copy-copy-copy.html]
[misty-beet-923866.framer.app/blog/10-smart-tips-before-buying-your-dream-home-copy-copy-copy-copy-copy.html]
